// Jest Snapshot v1, https://goo.gl/fbAQLP

exports[`MenuNavBar.vue test initial rendering 1`] = `"<nav class=\\"navbar navbar-expand-md navbar-dark fixed-top bg-dark\\"><router-link to=\\"[object Object]\\" class=\\"navbar-brand\\">GitVub</router-link></nav>"`;
