// Jest Snapshot v1, https://goo.gl/fbAQLP

exports[`App.vue test initial rendering 1`] = `"<div id=\\"app\\" class=\\"container-fluid\\"><router-view></router-view></div>"`;

exports[`App.vue test rendering with datas 1`] = `"<div id=\\"app\\" class=\\"container-fluid\\"><router-view></router-view></div>"`;
